###############################################################################
#
# IAR ELF Linker V7.40.7.9843/W32 for ARM                 26/Jan/2016  18:23:57
# Copyright 2007-2015 IAR Systems AB.
#
#    Output file  =  
#        C:\Embedded\Projects\Light-Control-Module\Firmware_Examples\MQX_light_porting\IAR_Proj\Debug\Exe\MQXLite_porting.out
#    Map file     =  
#        C:\Embedded\Projects\Light-Control-Module\Firmware_Examples\MQX_light_porting\IAR_Proj\Debug\List\MQXLite_porting.map
#    Command line =  
#        C:\Embedded\Projects\Light-Control-Module\Firmware_Examples\MQX_light_porting\IAR_Proj\Debug\Obj\ADC.o
#        C:\Embedded\Projects\Light-Control-Module\Firmware_Examples\MQX_light_porting\IAR_Proj\Debug\Obj\App_ADC.o
#        C:\Embedded\Projects\Light-Control-Module\Firmware_Examples\MQX_light_porting\IAR_Proj\Debug\Obj\App_io.o
#        C:\Embedded\Projects\Light-Control-Module\Firmware_Examples\MQX_light_porting\IAR_Proj\Debug\Obj\App_UART.o
#        C:\Embedded\Projects\Light-Control-Module\Firmware_Examples\MQX_light_porting\IAR_Proj\Debug\Obj\boot.o
#        C:\Embedded\Projects\Light-Control-Module\Firmware_Examples\MQX_light_porting\IAR_Proj\Debug\Obj\cortex.o
#        C:\Embedded\Projects\Light-Control-Module\Firmware_Examples\MQX_light_porting\IAR_Proj\Debug\Obj\Cpu.o
#        C:\Embedded\Projects\Light-Control-Module\Firmware_Examples\MQX_light_porting\IAR_Proj\Debug\Obj\dispatch.o
#        C:\Embedded\Projects\Light-Control-Module\Firmware_Examples\MQX_light_porting\IAR_Proj\Debug\Obj\Func_Generator.o
#        C:\Embedded\Projects\Light-Control-Module\Firmware_Examples\MQX_light_porting\IAR_Proj\Debug\Obj\GPIOA.o
#        C:\Embedded\Projects\Light-Control-Module\Firmware_Examples\MQX_light_porting\IAR_Proj\Debug\Obj\idletask.o
#        C:\Embedded\Projects\Light-Control-Module\Firmware_Examples\MQX_light_porting\IAR_Proj\Debug\Obj\Indicator.o
#        C:\Embedded\Projects\Light-Control-Module\Firmware_Examples\MQX_light_porting\IAR_Proj\Debug\Obj\int.o
#        C:\Embedded\Projects\Light-Control-Module\Firmware_Examples\MQX_light_porting\IAR_Proj\Debug\Obj\int_gkis.o
#        C:\Embedded\Projects\Light-Control-Module\Firmware_Examples\MQX_light_porting\IAR_Proj\Debug\Obj\int_inst.o
#        C:\Embedded\Projects\Light-Control-Module\Firmware_Examples\MQX_light_porting\IAR_Proj\Debug\Obj\int_kisr.o
#        C:\Embedded\Projects\Light-Control-Module\Firmware_Examples\MQX_light_porting\IAR_Proj\Debug\Obj\int_pvta.o
#        C:\Embedded\Projects\Light-Control-Module\Firmware_Examples\MQX_light_porting\IAR_Proj\Debug\Obj\int_unx.o
#        C:\Embedded\Projects\Light-Control-Module\Firmware_Examples\MQX_light_porting\IAR_Proj\Debug\Obj\int_vtab.o
#        C:\Embedded\Projects\Light-Control-Module\Firmware_Examples\MQX_light_porting\IAR_Proj\Debug\Obj\int_xcpt.o
#        C:\Embedded\Projects\Light-Control-Module\Firmware_Examples\MQX_light_porting\IAR_Proj\Debug\Obj\klog.o
#        C:\Embedded\Projects\Light-Control-Module\Firmware_Examples\MQX_light_porting\IAR_Proj\Debug\Obj\lwevent.o
#        C:\Embedded\Projects\Light-Control-Module\Firmware_Examples\MQX_light_porting\IAR_Proj\Debug\Obj\lwlog.o
#        C:\Embedded\Projects\Light-Control-Module\Firmware_Examples\MQX_light_porting\IAR_Proj\Debug\Obj\lwmem.o
#        C:\Embedded\Projects\Light-Control-Module\Firmware_Examples\MQX_light_porting\IAR_Proj\Debug\Obj\lwmsgq.o
#        C:\Embedded\Projects\Light-Control-Module\Firmware_Examples\MQX_light_porting\IAR_Proj\Debug\Obj\lwsem.o
#        C:\Embedded\Projects\Light-Control-Module\Firmware_Examples\MQX_light_porting\IAR_Proj\Debug\Obj\lwtimer.o
#        C:\Embedded\Projects\Light-Control-Module\Firmware_Examples\MQX_light_porting\IAR_Proj\Debug\Obj\Measurements.o
#        C:\Embedded\Projects\Light-Control-Module\Firmware_Examples\MQX_light_porting\IAR_Proj\Debug\Obj\mem_zero.o
#        C:\Embedded\Projects\Light-Control-Module\Firmware_Examples\MQX_light_porting\IAR_Proj\Debug\Obj\MQX1.o
#        C:\Embedded\Projects\Light-Control-Module\Firmware_Examples\MQX_light_porting\IAR_Proj\Debug\Obj\mqx_tasks.o
#        C:\Embedded\Projects\Light-Control-Module\Firmware_Examples\MQX_light_porting\IAR_Proj\Debug\Obj\mqx_utils.o
#        C:\Embedded\Projects\Light-Control-Module\Firmware_Examples\MQX_light_porting\IAR_Proj\Debug\Obj\mqxlite.o
#        C:\Embedded\Projects\Light-Control-Module\Firmware_Examples\MQX_light_porting\IAR_Proj\Debug\Obj\mutex.o
#        C:\Embedded\Projects\Light-Control-Module\Firmware_Examples\MQX_light_porting\IAR_Proj\Debug\Obj\PE_LDD.o
#        C:\Embedded\Projects\Light-Control-Module\Firmware_Examples\MQX_light_porting\IAR_Proj\Debug\Obj\PIT.o
#        C:\Embedded\Projects\Light-Control-Module\Firmware_Examples\MQX_light_porting\IAR_Proj\Debug\Obj\PORT.o
#        C:\Embedded\Projects\Light-Control-Module\Firmware_Examples\MQX_light_porting\IAR_Proj\Debug\Obj\Protocol.o
#        C:\Embedded\Projects\Light-Control-Module\Firmware_Examples\MQX_light_porting\IAR_Proj\Debug\Obj\psp_iinit.o
#        C:\Embedded\Projects\Light-Control-Module\Firmware_Examples\MQX_light_porting\IAR_Proj\Debug\Obj\psp_supp.o
#        C:\Embedded\Projects\Light-Control-Module\Firmware_Examples\MQX_light_porting\IAR_Proj\Debug\Obj\psp_tiad.o
#        C:\Embedded\Projects\Light-Control-Module\Firmware_Examples\MQX_light_porting\IAR_Proj\Debug\Obj\psp_tinm.o
#        C:\Embedded\Projects\Light-Control-Module\Firmware_Examples\MQX_light_porting\IAR_Proj\Debug\Obj\psp_tipr.o
#        C:\Embedded\Projects\Light-Control-Module\Firmware_Examples\MQX_light_porting\IAR_Proj\Debug\Obj\psp_tisu.o
#        C:\Embedded\Projects\Light-Control-Module\Firmware_Examples\MQX_light_porting\IAR_Proj\Debug\Obj\PWM_gen.o
#        C:\Embedded\Projects\Light-Control-Module\Firmware_Examples\MQX_light_porting\IAR_Proj\Debug\Obj\qu_test.o
#        C:\Embedded\Projects\Light-Control-Module\Firmware_Examples\MQX_light_porting\IAR_Proj\Debug\Obj\sc_irdyq.o
#        C:\Embedded\Projects\Light-Control-Module\Firmware_Examples\MQX_light_porting\IAR_Proj\Debug\Obj\sched.o
#        C:\Embedded\Projects\Light-Control-Module\Firmware_Examples\MQX_light_porting\IAR_Proj\Debug\Obj\SEGGER_RTT.o
#        C:\Embedded\Projects\Light-Control-Module\Firmware_Examples\MQX_light_porting\IAR_Proj\Debug\Obj\SEGGER_RTT_printf.o
#        C:\Embedded\Projects\Light-Control-Module\Firmware_Examples\MQX_light_porting\IAR_Proj\Debug\Obj\SPI0.o
#        C:\Embedded\Projects\Light-Control-Module\Firmware_Examples\MQX_light_porting\IAR_Proj\Debug\Obj\stack_bu.o
#        C:\Embedded\Projects\Light-Control-Module\Firmware_Examples\MQX_light_porting\IAR_Proj\Debug\Obj\stack_de.o
#        C:\Embedded\Projects\Light-Control-Module\Firmware_Examples\MQX_light_porting\IAR_Proj\Debug\Obj\stack_st.o
#        C:\Embedded\Projects\Light-Control-Module\Firmware_Examples\MQX_light_porting\IAR_Proj\Debug\Obj\SystemTimer1.o
#        C:\Embedded\Projects\Light-Control-Module\Firmware_Examples\MQX_light_porting\IAR_Proj\Debug\Obj\task.o
#        C:\Embedded\Projects\Light-Control-Module\Firmware_Examples\MQX_light_porting\IAR_Proj\Debug\Obj\task_template_list.o
#        C:\Embedded\Projects\Light-Control-Module\Firmware_Examples\MQX_light_porting\IAR_Proj\Debug\Obj\time_ticks.o
#        C:\Embedded\Projects\Light-Control-Module\Firmware_Examples\MQX_light_porting\IAR_Proj\Debug\Obj\Vectors.o
#        -o
#        C:\Embedded\Projects\Light-Control-Module\Firmware_Examples\MQX_light_porting\IAR_Proj\Debug\Exe\MQXLite_porting.out
#        --map
#        C:\Embedded\Projects\Light-Control-Module\Firmware_Examples\MQX_light_porting\IAR_Proj\Debug\List\MQXLite_porting.map
#        --config
#        C:\Embedded\Projects\Light-Control-Module\Firmware_Examples\MQX_light_porting\MQXLite_porting\Project_Settings\Linker_Files\ProcessorExpert.icf
#        --entry __iar_program_start --vfe
#
###############################################################################

*******************************************************************************
*** RUNTIME MODEL ATTRIBUTES
***

CppFlavor                   = *
__SystemLibrary             = DLib
__dlib_jmp_buf_num_elements = 8


*******************************************************************************
*** PLACEMENT SUMMARY
***

"A1":  place at 0x00000000 { ro section .intvec };
"P1":  place in [from 0x00000000 to 0x000000bf] |
                [from 0x00000410 to 0x0000ffff] { ro };
"P2":  place in [from 0x1ffffc00 to 0x20000bff] { rw, block CSTACK, block HEAP };
"P3":  place in [from 0x00000400 to 0x0000040f] { section FlashConfig };

  Section            Kind        Address    Size  Object
  -------            ----        -------    ----  ------
"A1":                                       0xc0
  .intvec            const    0x00000000    0xc0  Vectors.o [1]
                            - 0x000000c0    0xc0

"P3":                                       0x10
  FlashConfig        const    0x00000400    0x10  Cpu.o [1]
                            - 0x00000410    0x10

"P1":                                     0x3ee8
  .text              ro code  0x00000410   0xeba  xprintffull_nomb.o [3]
  .text              ro code  0x000012ca    0x14  strchr.o [5]
  .text              ro code  0x000012de    0x10  strlen.o [5]
  .text              ro code  0x000012ee    0x18  memchr.o [5]
  .text              ro code  0x00001306    0x6a  I64DivMod.o [5]
  .text              ro code  0x00001370    0x5c  ABImemcpy.o [5]
  .text              ro code  0x000013cc    0x44  xdnorm.o [4]
  .text              ro code  0x00001410    0x32  DblCmpLe.o [4]
  .text              ro code  0x00001442    0x32  DblCmpGe.o [4]
  .text              ro code  0x00001474   0x11c  xdscale.o [4]
  .text              ro code  0x00001590    0x52  DblToI32.o [4]
  .text              ro code  0x000015e4    0x34  I32ToDbl.o [4]
  .text              ro code  0x00001618   0x1b4  DblAddSub.o [4]
  .text              ro code  0x000017cc    0xe0  I32DivModFast.o [5]
  .text              ro code  0x000018ac   0x184  DblMul.o [4]
  .text              ro code  0x00001a30    0xc2  DblDiv.o [4]
  .text              ro code  0x00001af2    0x20  div.o [3]
  .text              ro code  0x00001b14     0x2  I64DivZer.o [5]
  .text              ro code  0x00001b18     0x2  IntDivZer.o [5]
  .text              ro code  0x00001b1c   0x472  task.o [1]
  .text              ro code  0x00001f90   0x218  lwsem.o [1]
  .text              ro code  0x000021a8   0x150  int.o [1]
  .text              ro code  0x000022f8     0x2  stack_de.o [1]
  KERNEL             ro code  0x00002300   0x25c  dispatch.o [1]
  .text              ro code  0x0000255c    0x48  stack_bu.o [1]
  .text              ro code  0x000025a4   0x134  mem_zero.o [1]
  .text              ro code  0x000026d8   0x3d4  lwevent.o [1]
  .text              ro code  0x00002aac   0x340  time_ticks.o [1]
  .text              ro code  0x00002dec    0x4c  psp_tiad.o [1]
  .text              ro code  0x00002e38    0x3c  psp_tinm.o [1]
  .text              ro code  0x00002e74   0x28c  App_UART.o [1]
  .text              ro code  0x00003100    0x3c  vsnprint.o [3]
  .text              ro code  0x0000313c   0x1d0  Indicator.o [1]
  .text              ro code  0x0000330c    0x32  FltToDbl.o [4]
  .text              ro code  0x00003340    0x48  snprintf.o [3]
  .text              ro code  0x00003388    0x44  App_io.o [1]
  .text              ro code  0x000033cc   0x174  mqxlite.o [1]
  .text              ro code  0x00003540   0x128  mqx_utils.o [1]
  .text              ro code  0x00003668    0xc0  sc_irdyq.o [1]
  .text              ro code  0x00003728    0x14  psp_iinit.o [1]
  .text              ro code  0x0000373c    0x10  int_vtab.o [1]
  .text              ro code  0x0000374c    0x7c  MQX1.o [1]
  .text              ro code  0x000037c8    0x10  int_inst.o [1]
  .text              ro code  0x000037d8    0xc0  SystemTimer1.o [1]
  .text              ro code  0x00003898   0x170  Func_Generator.o [1]
  .text              ro code  0x00003a08    0x44  Protocol.o [1]
  .text              ro code  0x00003a4c    0xac  PWM_gen.o [1]
  .text              ro code  0x00003af8   0x150  Cpu.o [1]
  .text              ro code  0x00003c48    0x54  GPIOA.o [1]
  .text              ro code  0x00003c9c    0x2c  PORT.o [1]
  .text              ro code  0x00003cc8    0x6c  PIT.o [1]
  .text              ro code  0x00003d34    0x70  ADC.o [1]
  .text              ro code  0x00003da4    0xdc  mqx_tasks.o [1]
  .text              ro code  0x00003e80    0x50  App_ADC.o [1]
  .text              ro code  0x00003ed0    0xa4  Measurements.o [1]
  .text              ro code  0x00003f74    0x62  DblToFlt.o [4]
  .rodata            const    0x00003fd8    0x54  task_template_list.o [1]
  .rodata            const    0x0000402c    0x44  mqxlite.o [1]
  .rodata            const    0x00004070    0x3c  mqx_tasks.o [1]
  .text              ro code  0x000040ac    0x3c  zero_init3.o [5]
  .text              ro code  0x000040f0    0x34  boot.o [1]
  .text              ro code  0x00004124     0xc  cstartup_M.o [5]
  .text              ro code  0x00004130    0x1a  cmain.o [5]
  .text              ro code  0x0000414c    0x28  data_init.o [5]
  .text              ro code  0x00004174     0x8  exit.o [3]
  .text              ro code  0x0000417c     0xa  cexit.o [5]
  .text              ro code  0x00004188     0xc  XXexit.o [5]
  .text              ro code  0x00004194    0x30  copy_init3.o [5]
  .rodata            const    0x000041c4    0x24  MQX1.o [1]
  .iar.init_table    const    0x000041e8    0x24  - Linker created -
  .text              ro code  0x0000420c    0x1c  xsnprout.o [3]
  .rodata            const    0x00004228    0x18  mqxlite.o [1]
  .rodata            const    0x00004240    0x18  xprintffull_nomb.o [3]
  .rodata            const    0x00004258    0x14  Protocol.o [1]
  .rodata            const    0x0000426c    0x14  Protocol.o [1]
  .rodata            const    0x00004280    0x10  mqx_utils.o [1]
  .text              ro code  0x00004290    0x10  idletask.o [1]
  .rodata            const    0x000042a0     0xc  Indicator.o [1]
  .rodata            const    0x000042ac     0xc  mqxlite.o [1]
  .rodata            const    0x000042b8     0x8  mqx_tasks.o [1]
  .rodata            const    0x000042c0     0x8  task_template_list.o [1]
  .rodata            const    0x000042c8     0x8  task_template_list.o [1]
  .rodata            const    0x000042d0     0x4  mqx_tasks.o [1]
  .rodata            const    0x000042d4     0x4  mqx_tasks.o [1]
  .rodata            const    0x000042d8     0x4  mqxlite.o [1]
  .rodata            const    0x000042dc     0x4  mqxlite.o [1]
  .rodata            const    0x000042e0     0x4  mqxlite.o [1]
  .rodata            const    0x000042e4     0x4  mqxlite.o [1]
  .rodata            const    0x000042e8     0x0  zero_init3.o [5]
  .rodata            const    0x000042e8     0x0  copy_init3.o [5]
  Initializer bytes  const    0x000042e8    0x10  <for P2 s0>
                            - 0x000042f8  0x3ee8

"P2":                                      0xe10
  P2 s0                       0x1ffffc00    0x10  <Init block>
    .data            inited   0x1ffffc00     0xc  MQX1.o [1]
    .data            inited   0x1ffffc0c     0x4  mqxlite.o [1]
  .bss               zero     0x1ffffc10   0x28c  MQX1.o [1]
  .bss               zero     0x1ffffe9c   0x28c  MQX1.o [1]
  .bss               zero     0x20000128   0x244  MQX1.o [1]
  .bss               zero     0x2000036c   0x130  MQX1.o [1]
  .bss               zero     0x2000049c   0x12c  MQX1.o [1]
  .bss               zero     0x200005c8   0x110  MQX1.o [1]
  .bss               zero     0x200006d8    0xa0  MQX1.o [1]
  .bss               zero     0x20000778    0x84  mqx_tasks.o [1]
  .bss               zero     0x200007fc    0x40  App_UART.o [1]
  .bss               zero     0x2000083c    0x40  App_UART.o [1]
  .bss               zero     0x2000087c    0x24  App_UART.o [1]
  .bss               zero     0x200008a0    0x18  Func_Generator.o [1]
  .bss               zero     0x200008b8    0x14  Indicator.o [1]
  .bss               zero     0x200008cc     0xc  SystemTimer1.o [1]
  .bss               zero     0x200008d8     0x4  App_UART.o [1]
  .bss               zero     0x200008dc     0x4  App_UART.o [1]
  .bss               zero     0x200008e0     0x4  App_UART.o [1]
  .bss               zero     0x200008e4     0x4  App_UART.o [1]
  .bss               zero     0x200008e8     0x4  Indicator.o [1]
  .bss               zero     0x200008ec     0x4  Indicator.o [1]
  .bss               zero     0x200008f0     0x4  MQX1.o [1]
  .bss               zero     0x200008f4     0x4  mqx_tasks.o [1]
  .bss               zero     0x200008f8     0x4  mqx_tasks.o [1]
  .bss               zero     0x200008fc     0x4  mqx_tasks.o [1]
  .bss               zero     0x20000900     0x4  mqx_tasks.o [1]
  .bss               zero     0x20000904     0x4  PE_LDD.o [1]
  .bss               zero     0x20000908     0x1  mqx_tasks.o [1]
  CSTACK                      0x20000910   0x100  <Block>
    CSTACK           uninit   0x20000910   0x100  <Block tail>
                            - 0x20000a10   0xe10


*******************************************************************************
*** INIT TABLE
***

          Address     Size
          -------     ----
Zero (__iar_zero_init3)
    1 destination range, total size 0xcf9:
          0x1ffffc10  0xcf9

Copy (__iar_copy_init3)
    1 source range, total size 0x10:
          0x000042e8   0x10
    1 destination range, total size 0x10:
          0x1ffffc00   0x10



*******************************************************************************
*** MODULE SUMMARY
***

    Module                ro code  ro data  rw data
    ------                -------  -------  -------
C:\Embedded\Projects\Light-Control-Module\Firmware_Examples\MQX_light_porting\IAR_Proj\Debug\Obj: [1]
    ADC.o                     112
    App_ADC.o                  80
    App_UART.o                652               180
    App_io.o                   68
    Cpu.o                     336       16
    Func_Generator.o          368                24
    GPIOA.o                    84
    Indicator.o               464       12       28
    MQX1.o                    124       48    2 936
    Measurements.o            164
    PE_LDD.o                                      4
    PIT.o                     108
    PORT.o                     44
    PWM_gen.o                 172
    Protocol.o                 68       40
    SystemTimer1.o            192                12
    Vectors.o                          192
    boot.o                     52
    dispatch.o                604
    idletask.o                 16
    int.o                     336
    int_inst.o                 16
    int_vtab.o                 16
    lwevent.o                 980
    lwsem.o                   536
    mem_zero.o                308
    mqx_tasks.o               220       76      149
    mqx_utils.o               296       16
    mqxlite.o                 372      124        4
    psp_iinit.o                20
    psp_tiad.o                 76
    psp_tinm.o                 60
    sc_irdyq.o                192
    stack_bu.o                 72
    stack_de.o                  2
    task.o                  1 138
    task_template_list.o               100
    time_ticks.o              832
    -----------------------------------------------
    Total:                  9 180      624    3 337

command line: [2]
    -----------------------------------------------
    Total:

dl6M_tln.a: [3]
    div.o                      32
    exit.o                      8
    snprintf.o                 72
    vsnprint.o                 60
    xprintffull_nomb.o      3 770       24
    xsnprout.o                 28
    -----------------------------------------------
    Total:                  3 970       24

m6M_tl.a: [4]
    DblAddSub.o               436
    DblCmpGe.o                 50
    DblCmpLe.o                 50
    DblDiv.o                  194
    DblMul.o                  388
    DblToFlt.o                 98
    DblToI32.o                 82
    FltToDbl.o                 50
    I32ToDbl.o                 52
    xdnorm.o                   68
    xdscale.o                 284
    -----------------------------------------------
    Total:                  1 752

rt6M_tl.a: [5]
    ABImemcpy.o                92
    I32DivModFast.o           224
    I64DivMod.o               106
    I64DivZer.o                 2
    IntDivZer.o                 2
    XXexit.o                   12
    cexit.o                    10
    cmain.o                    26
    copy_init3.o               48
    cstartup_M.o               12
    data_init.o                40
    memchr.o                   24
    strchr.o                   20
    strlen.o                   16
    zero_init3.o               60
    -----------------------------------------------
    Total:                    694

    Gaps                       30        2
    Linker created                      36      256
---------------------------------------------------
    Grand Total:           15 626      686    3 593


*******************************************************************************
*** ENTRY LIST
***

Entry                      Address   Size  Type      Object
-----                      -------   ----  ----      ------
.iar.init_table$$Base   0x000041e8          --   Gb  - Linker created -
.iar.init_table$$Limit  0x0000420c          --   Gb  - Linker created -
?main                   0x00004131         Code  Gb  cmain.o [5]
ADC_Init                0x00003d35   0x70  Code  Gb  ADC.o [1]
ADC_Isr                 0x00003e91   0x28  Code  Gb  App_ADC.o [1]
ADC_prepere             0x00003e81   0x10  Code  Gb  App_ADC.o [1]
CSTACK$$Base            0x20000910          --   Gb  - Linker created -
CSTACK$$Limit           0x20000a10          --   Gb  - Linker created -
Clear_K1P               0x000033a7    0xa  Code  Gb  App_io.o [1]
Clear_K2P               0x000033b1    0xa  Code  Gb  App_io.o [1]
Clear_K3P               0x000033bb    0xa  Code  Gb  App_io.o [1]
Clear_display           0x0000328b   0x14  Code  Gb  Indicator.o [1]
Config                  0x00000400   0x10  Data  Gb  Cpu.o [1]
Console_task            0x00003e39   0x1c  Code  Gb  mqx_tasks.o [1]
Console_task_stack      0x1ffffe9c  0x28c  Data  Gb  MQX1.o [1]
Cpu_Interrupt           0x00003af9    0x2  Code  Gb  Cpu.o [1]
Delay_ticks             0x00003899   0x24  Code  Lc  Func_Generator.o [1]
DeviceDataPrv__DEFAULT_RTOS_ALLOC
                        0x200008cc    0xc  Data  Lc  SystemTimer1.o [1]
Display_scaning         0x0000329f   0x54  Code  Gb  Indicator.o [1]
Functional_generator    0x000039e7   0x1c  Code  Gb  Func_Generator.o [1]
GPIOA_Init              0x00003c49   0x54  Code  Gb  GPIOA.o [1]
Gen_Freq_Sweep_Up_and_Down
                        0x0000397d   0x6a  Code  Gb  Func_Generator.o [1]
Gen_Freq_Sweep_Up_or_Down
                        0x00003927   0x56  Code  Gb  Func_Generator.o [1]
Gen_default_func1       0x000038e3   0x22  Code  Gb  Func_Generator.o [1]
Gen_default_func2       0x00003905   0x22  Code  Gb  Func_Generator.o [1]
Gen_get_mode            0x000038bd    0x6  Code  Gb  Func_Generator.o [1]
Gen_get_param           0x000038c3   0x20  Code  Gb  Func_Generator.o [1]
Get_internal_temperature
                        0x00003ed1   0x54  Code  Gb  Measurements.o [1]
Get_power_voltage       0x00003f25   0x20  Code  Gb  Measurements.o [1]
Get_unique_identificator
                        0x00003e55    0xc  Code  Gb  mqx_tasks.o [1]
INTTEMPER_adcr          0x20000900    0x4  Data  Gb  mqx_tasks.o [1]
LoadInt                 0x000009cd   0x68  Code  Lc  xprintffull_nomb.o [3]
MQX_init_struct         0x000041c4   0x24  Data  Gb  MQX1.o [1]
MQX_template_list       0x00003fd8   0x54  Data  Gb  task_template_list.o [1]
Main_task               0x00003db3   0x86  Code  Gb  mqx_tasks.o [1]
Main_task_stack         0x1ffffc10  0x28c  Data  Gb  MQX1.o [1]
Mnemonic_t              0x000042d0    0x4  Data  Gb  mqx_tasks.o [1]
Mnemonic_v              0x000042d4    0x4  Data  Gb  mqx_tasks.o [1]
NumToDisp               0x000031e1   0x64  Code  Lc  Indicator.o [1]
PE_LDD_DeviceDataList   0x20000904    0x4  Data  Gb  PE_LDD.o [1]
PE_low_level_init       0x00003b59   0x94  Code  Gb  Cpu.o [1]
PIT_Init                0x00003cc9   0x6c  Code  Gb  PIT.o [1]
PORT_Init               0x00003c9d   0x2c  Code  Gb  PORT.o [1]
PWM_init                0x00003a4d   0x6e  Code  Gb  PWM_gen.o [1]
Protocol_function       0x00003a09   0x44  Code  Gb  Protocol.o [1]
Region$$Table$$Base     0x000041e8          --   Gb  - Linker created -
Region$$Table$$Limit    0x0000420c          --   Gb  - Linker created -
Set_K1P                 0x00003389    0xa  Code  Gb  App_io.o [1]
Set_K2P                 0x00003393    0xa  Code  Gb  App_io.o [1]
Set_K3P                 0x0000339d    0xa  Code  Gb  App_io.o [1]
Set_pwm_freq            0x00003abb   0x24  Code  Gb  PWM_gen.o [1]
Set_segments            0x0000313d   0xa4  Code  Gb  Indicator.o [1]
Show_float              0x00003245   0x1e  Code  Gb  Indicator.o [1]
Show_int                0x00003263   0x14  Code  Gb  Indicator.o [1]
Show_mnemonic           0x00003277   0x14  Code  Gb  Indicator.o [1]
SystemTimer1_Enable     0x00003825   0x10  Code  Gb  SystemTimer1.o [1]
SystemTimer1_GetCounterValue
                        0x0000384d    0x6  Code  Gb  SystemTimer1.o [1]
SystemTimer1_GetInputFrequency
                        0x00003835    0x4  Code  Gb  SystemTimer1.o [1]
SystemTimer1_GetPeriodTicks
                        0x00003839   0x14  Code  Gb  SystemTimer1.o [1]
SystemTimer1_GetTicsPerSecond
                        0x00003755   0x1c  Code  Gb  MQX1.o [1]
SystemTimer1_Init       0x000037d9   0x4c  Code  Gb  SystemTimer1.o [1]
SystemTimer1_Interrupt  0x00003853   0x16  Code  Gb  SystemTimer1.o [1]
SystemTimer1_OnCounterRestart
                        0x0000374d    0x8  Code  Gb  MQX1.o [1]
SystemTimerDeviceDataPtr
                        0x200008f0    0x4  Data  Lc  MQX1.o [1]
TEMPER_adcr             0x200008fc    0x4  Data  Gb  mqx_tasks.o [1]
UART0_Init              0x00002e75   0x84  Code  Gb  App_UART.o [1]
UART0_isr               0x00002ef9   0x9c  Code  Lc  App_UART.o [1]
UART0_send_buffer       0x00003021   0x68  Code  Gb  App_UART.o [1]
UART_check_sym          0x00003009   0x18  Code  Gb  App_UART.o [1]
UART_printf             0x00003089   0x1e  Code  Gb  App_UART.o [1]
UART_wait_sym           0x00002f95   0x74  Code  Gb  App_UART.o [1]
VAN_adcr                0x200008f4    0x4  Data  Gb  mqx_tasks.o [1]
VOLTAGE_adcr            0x200008f8    0x4  Data  Gb  mqx_tasks.o [1]
_GenldFullNoMb          0x00000ffd  0x29a  Code  Lc  xprintffull_nomb.o [3]
_LdtobFullNoMb          0x00000b69  0x480  Code  Lc  xprintffull_nomb.o [3]
_LitobFullNoMb          0x00000a35  0x12e  Code  Lc  xprintffull_nomb.o [3]
_PrintfFullNoMb         0x00000411  0x5bc  Code  Gb  xprintffull_nomb.o [3]
_PutcharsFullNoMb       0x00001297   0x30  Code  Lc  xprintffull_nomb.o [3]
_SNProut                0x0000420d   0x1c  Code  Gb  xsnprout.o [3]
__VECTOR_TABLE_START {Abs}
                        0x00000000          --   Gb  command line/config [2]
__aeabi_cdcmple         0x00001411         Code  Gb  DblCmpLe.o [4]
__aeabi_cdrcmple        0x00001443         Code  Gb  DblCmpGe.o [4]
__aeabi_d2f             0x00003f75         Code  Gb  DblToFlt.o [4]
__aeabi_d2iz            0x00001591         Code  Gb  DblToI32.o [4]
__aeabi_d2uiz           0x000015b5         Code  Gb  DblToI32.o [4]
__aeabi_dadd            0x00001619         Code  Gb  DblAddSub.o [4]
__aeabi_ddiv            0x00001a31         Code  Gb  DblDiv.o [4]
__aeabi_dmul            0x000018ad         Code  Gb  DblMul.o [4]
__aeabi_dsub            0x000016df         Code  Gb  DblAddSub.o [4]
__aeabi_f2d             0x0000330d         Code  Gb  FltToDbl.o [4]
__aeabi_i2d             0x000015e5         Code  Gb  I32ToDbl.o [4]
__aeabi_idiv            0x000017f9         Code  Gb  I32DivModFast.o [5]
__aeabi_idiv0           0x00001b19         Code  Gb  IntDivZer.o [5]
__aeabi_idivmod         0x000017f9         Code  Gb  I32DivModFast.o [5]
__aeabi_ldiv0           0x00001b15         Code  Gb  I64DivZer.o [5]
__aeabi_memcpy          0x00001371         Code  Gb  ABImemcpy.o [5]
__aeabi_memcpy4         0x00001399         Code  Wk  ABImemcpy.o [5]
__aeabi_ui2d            0x000015f9         Code  Gb  I32ToDbl.o [4]
__aeabi_uidiv           0x000017ff         Code  Gb  I32DivModFast.o [5]
__aeabi_uidivmod        0x000017ff         Code  Gb  I32DivModFast.o [5]
__aeabi_uldivmod        0x00001307         Code  Gb  I64DivMod.o [5]
__boot                  0x000040f1         Code  Gb  boot.o [1]
__cmain                 0x00004131         Code  Gb  cmain.o [5]
__exit                  0x00004189         Code  Gb  XXexit.o [5]
__get_MSP               0x00002535         Code  Gb  dispatch.o [1]
__get_PSP               0x0000252f         Code  Gb  dispatch.o [1]
__get_PSR               0x00002541         Code  Gb  dispatch.o [1]
__iar_Dnorm             0x000013cd   0x44  Code  Gb  xdnorm.o [4]
__iar_Dscale            0x00001475  0x11c  Code  Gb  xdscale.o [4]
__iar_Memchr            0x000012ef   0x18  Code  Gb  memchr.o [5]
__iar_Strchr            0x000012cb   0x14  Code  Gb  strchr.o [5]
__iar_copy_init3        0x00004195   0x30  Code  Gb  copy_init3.o [5]
__iar_d2uiz             0x000015b9         Code  Gb  DblToI32.o [4]
__iar_data_init3        0x0000414d   0x28  Code  Gb  data_init.o [5]
__iar_program_start     0x00004125         Code  Gb  cstartup_M.o [5]
__iar_ui2d              0x000015fd         Code  Gb  I32ToDbl.o [4]
__iar_zero_init3        0x000040ad   0x3c  Code  Gb  zero_init3.o [5]
__low_level_init        0x00003afb   0x5e  Code  Gb  Cpu.o [1]
__set_MSP               0x0000253b         Code  Gb  dispatch.o [1]
__vect_table {Abs}      0x00000000          --   Gb  command line/config [2]
__vector_table          0x00000000   0xc0  Data  Gb  Vectors.o [1]
_call_main              0x0000413d         Code  Gb  cmain.o [5]
_exit                   0x0000417d         Code  Gb  cexit.o [5]
_int_default_isr        0x000021a9   0x30  Code  Gb  int.o [1]
_int_disable            0x000021d9   0x1c  Code  Gb  int.o [1]
_int_enable             0x000021f5   0x2e  Code  Gb  int.o [1]
_int_get_isr_data       0x00002223   0x3c  Code  Gb  int.o [1]
_int_init               0x000022ad   0x3c  Code  Gb  int.o [1]
_int_install_isr        0x0000225f   0x4e  Code  Gb  int.o [1]
_int_kernel_isr         0x00002437         Code  Gb  dispatch.o [1]
_int_set_vector_table   0x0000373d    0xc  Code  Gb  int_vtab.o [1]
_lwevent_clear          0x000027a1   0x5a  Code  Gb  lwevent.o [1]
_lwevent_create         0x00002797    0xa  Code  Gb  lwevent.o [1]
_lwevent_create_internal
                        0x000026d9   0xbe  Code  Gb  lwevent.o [1]
_lwevent_set            0x00002805  0x10c  Code  Gb  lwevent.o [1]
_lwevent_wait_internal  0x00002919  0x128  Code  Gb  lwevent.o [1]
_lwevent_wait_ticks     0x00002a45   0x58  Code  Gb  lwevent.o [1]
_lwsem_create           0x00002003    0xc  Code  Gb  lwsem.o [1]
_lwsem_create_internal  0x00001f91   0x72  Code  Gb  lwsem.o [1]
_lwsem_post             0x00002011   0xce  Code  Gb  lwsem.o [1]
_lwsem_wait             0x000020e9   0xae  Code  Gb  lwsem.o [1]
_main                   0x00004147         Code  Gb  cmain.o [5]
_mem_test_and_set       0x00002519         Code  Gb  dispatch.o [1]
_mem_zero               0x000025a5  0x134  Code  Gb  mem_zero.o [1]
_mqx_api_call           0x000023ed         Code  Gb  dispatch.o [1]
_mqx_exit               0x00003519    0xc  Code  Gb  mqxlite.o [1]
_mqx_idle_task          0x00004291   0x10  Code  Gb  idletask.o [1]
_mqx_init_kernel_data_internal
                        0x00003549  0x106  Code  Gb  mqx_utils.o [1]
_mqx_kernel_data        0x1ffffc0c    0x4  Data  Gb  mqxlite.o [1]
_mqx_kernel_data_struct
                        0x20000128  0x244  Data  Gb  MQX1.o [1]
_mqx_path               0x000042e0    0x4  Data  Gb  mqxlite.o [1]
_mqx_set_cpu_type       0x00003541    0x8  Code  Gb  mqx_utils.o [1]
_mqx_vendor             0x000042dc    0x4  Data  Gb  mqxlite.o [1]
_mqx_version_number     0x000042d8    0x4  Data  Gb  mqxlite.o [1]
_mqx_zero_tick_struct   0x000042ac    0xc  Data  Gb  mqxlite.o [1]
_mqxlite                0x00003487   0x92  Code  Gb  mqxlite.o [1]
_mqxlite_init           0x000033cd   0xba  Code  Gb  mqxlite.o [1]
_mqxlite_version_number
                        0x000042e4    0x4  Data  Gb  mqxlite.o [1]
_psp_add_ticks          0x00002ded   0x4c  Code  Gb  psp_tiad.o [1]
_psp_build_stack_frame  0x0000255d   0x48  Code  Gb  stack_bu.o [1]
_psp_destroy_stack_frame
                        0x000022f9    0x2  Code  Gb  stack_de.o [1]
_psp_exception_return   0x000024e1         Code  Gb  dispatch.o [1]
_psp_init_readyqs       0x000036c1   0x58  Code  Gb  sc_irdyq.o [1]
_psp_int_init           0x00003729   0x14  Code  Gb  psp_iinit.o [1]
_psp_int_install        0x000037c9   0x10  Code  Gb  int_inst.o [1]
_psp_normalize_ticks    0x00002e39   0x3c  Code  Gb  psp_tinm.o [1]
_psp_set_kernel_disable_level
                        0x00003669   0x58  Code  Gb  sc_irdyq.o [1]
_sched_check_scheduler_internal
                        0x0000230d         Code  Gb  dispatch.o [1]
_sched_execute_scheduler_internal
                        0x00002325         Code  Gb  dispatch.o [1]
_sched_run_internal     0x00002307         Code  Gb  dispatch.o [1]
_sched_start_internal   0x00002301         Code  Gb  dispatch.o [1]
_task_alloc_td_internal
                        0x00001ed9   0x98  Code  Gb  task.o [1]
_task_block             0x000023ef         Code  Gb  dispatch.o [1]
_task_destroy           0x00001ca1    0xa  Code  Gb  task.o [1]
_task_destroy_internal  0x00001b1d  0x184  Code  Gb  task.o [1]
_task_exit_function_internal
                        0x00001d61   0x10  Code  Gb  task.o [1]
_task_fill_stack_internal
                        0x00001ea1   0x16  Code  Gb  task.o [1]
_task_get_td            0x00001cb1   0x7e  Code  Gb  task.o [1]
_task_init_internal     0x00001d71  0x12a  Code  Gb  task.o [1]
_task_ready_internal    0x00001eb7   0x22  Code  Gb  task.o [1]
_task_set_error         0x00001d2f   0x32  Code  Gb  task.o [1]
_task_set_error_td_internal
                        0x00001f7d   0x12  Code  Gb  task.o [1]
_time_delay_for         0x00002aad   0x64  Code  Gb  time_ticks.o [1]
_time_delay_internal    0x00002b11   0x9e  Code  Gb  time_ticks.o [1]
_time_delay_ticks       0x00002bb1   0x62  Code  Gb  time_ticks.o [1]
_time_delay_until       0x00002c15   0x62  Code  Gb  time_ticks.o [1]
_time_notify_kernel     0x00002c81  0x13e  Code  Gb  time_ticks.o [1]
_time_set_hwtick_function
                        0x00002dc1   0x12  Code  Gb  time_ticks.o [1]
_time_set_hwticks_per_tick
                        0x00002dd3    0xc  Code  Gb  time_ticks.o [1]
ciphs                   0x000042a0    0xc  Data  Gb  Indicator.o [1]
disp_buf                0x200008ec    0x4  Data  Gb  Indicator.o [1]
div                     0x00001af3   0x20  Code  Gb  div.o [3]
exit                    0x00004175    0x8  Code  Gb  exit.o [3]
f_init                  0x20000908    0x1  Data  Lc  mqx_tasks.o [1]
fgcbl                   0x200008a0   0x18  Data  Gb  Func_Generator.o [1]
main                    0x00003da5    0xe  Code  Gb  mqx_tasks.o [1]
mqx_idle_task_stack     0x2000036c  0x130  Data  Gb  MQX1.o [1]
mqx_interrupt_stack     0x200005c8  0x110  Data  Gb  MQX1.o [1]
mqx_static_isr_table    0x2000049c  0x12c  Data  Gb  MQX1.o [1]
mqx_static_ready_queue  0x200006d8   0xa0  Data  Gb  MQX1.o [1]
mqx_task_stack_pointers
                        0x1ffffc00    0xc  Data  Gb  MQX1.o [1]
nstr                    0x200008b8   0x14  Data  Gb  Indicator.o [1]
pos                     0x200008e8    0x4  Data  Gb  Indicator.o [1]
snprintf                0x00003341   0x48  Code  Gb  snprintf.o [3]
strlen                  0x000012df   0x10  Code  Gb  strlen.o [5]
system_timer_init       0x00003771   0x3e  Code  Gb  MQX1.o [1]
system_timer_start      0x000037af    0xe  Code  Gb  MQX1.o [1]
uart_evt                0x2000087c   0x24  Data  Gb  App_UART.o [1]
uart_rx_buf             0x200007fc   0x40  Data  Gb  App_UART.o [1]
uart_rx_head            0x200008d8    0x4  Data  Lc  App_UART.o [1]
uart_rx_tail            0x200008dc    0x4  Data  Lc  App_UART.o [1]
uart_str                0x20000778   0x84  Data  Gb  mqx_tasks.o [1]
uart_tx_buf             0x2000083c   0x40  Data  Lc  App_UART.o [1]
uart_tx_head            0x200008e0    0x4  Data  Lc  App_UART.o [1]
uart_tx_tail            0x200008e4    0x4  Data  Lc  App_UART.o [1]
vsnprintf               0x00003101   0x3c  Code  Gb  vsnprint.o [3]


[1] = C:\Embedded\Projects\Light-Control-Module\Firmware_Examples\MQX_light_porting\IAR_Proj\Debug\Obj
[2] = command line
[3] = dl6M_tln.a
[4] = m6M_tl.a
[5] = rt6M_tl.a

  15 626 bytes of readonly  code memory
     686 bytes of readonly  data memory
   3 593 bytes of readwrite data memory

Errors: none
Warnings: none
